﻿
> admin-frontend@0.0.0 build
> vite build

[36mvite v8.0.0-beta.16 [32mbuilding client environment for production...[36m[39m
[2K
transforming...Γ£ô 1818 modules transformed.
rendering chunks...
computing gzip size...
dist/index.html                   0.46 kB Γöé gzip:   0.29 kB
dist/assets/index-C8Vp_7Gr.css   35.15 kB Γöé gzip:   6.69 kB
dist/assets/index-CYA663o5.js   713.26 kB Γöé gzip: 214.61 kB

[32mΓ£ô built in 1.00s[39m
node.exe : [33m[plugin 
builtin:vite-reporter] 
At C:\Program 
Files\nodejs\npm.ps1:29 
char:3
+   & $NODE_EXE $NPM_CLI_JS 
$args
+   
~~~~~~~~~~~~~~~~~~~~~~~~~~~~~
    + CategoryInfo           
   : NotSpecified: ([33m[p  
  lugin builtin:vite-repor   
 ter] :String) [], Remote    
Exception
    + FullyQualifiedErrorId  
   : NativeCommandError
 
(!) Some chunks are larger 
than 500 kB after 
minification. Consider:
- Using dynamic import() to 
code-split the application
- Use build.rolldownOptions.o
utput.codeSplitting to 
improve chunking: https://rol
ldown.rs/reference/OutputOpti
ons.codeSplitting
- Adjust chunk size limit 
for this warning via build.ch
unkSizeWarningLimit.[39m
